ParseFailed (SrcLoc "tests/examples/PackageImportsMissing.hs" 3 17) "PackageImports is not enabled"
